Welcome to the Pokedex!
Pokecli > Showing from 0 to 19 of 1539 areas:
  0. canalave-city-area
  1. eterna-city-area
  2. pastoria-city-area
  3. sunyshore-city-area
  4. sinnoh-pokemon-league-area
  5. oreburgh-mine-1f
  6. oreburgh-mine-b1f
  7. valley-windworks-area
  8. eterna-forest-area
  9. fuego-ironworks-area
  10. mt-coronet-1f-route-207
  11. mt-coronet-2f
  12. mt-coronet-3f
  13. mt-coronet-exterior-snowfall
  14. mt-coronet-exterior-blizzard
  15. mt-coronet-4f
  16. mt-coronet-4f-small-room
  17. mt-coronet-5f
  18. mt-coronet-6f
  19. mt-coronet-1f-from-exterior
Pokecli > Showing from 20 to 39 of 1539 areas:
  20. mt-coronet-1f-route-216
  21. mt-coronet-1f-route-211
  22. mt-coronet-b1f
  23. great-marsh-area-1
  24. great-marsh-area-2
  25. great-marsh-area-3
  26. great-marsh-area-4
  27. great-marsh-area-5
  28. great-marsh-area-6
  29. solaceon-ruins-2f
  30. solaceon-ruins-1f
  31. solaceon-ruins-b1f-a
  32. solaceon-ruins-b1f-b
  33. solaceon-ruins-b1f-c
  34. solaceon-ruins-b2f-a
  35. solaceon-ruins-b2f-b
  36. solaceon-ruins-b2f-c
  37. solaceon-ruins-b3f-a
  38. solaceon-ruins-b3f-b
  39. solaceon-ruins-b3f-c
Pokecli > Showing from 40 to 59 of 1539 areas:
  40. solaceon-ruins-b3f-d
  41. solaceon-ruins-b3f-e
  42. solaceon-ruins-b4f-a
  43. solaceon-ruins-b4f-b
  44. solaceon-ruins-b4f-c
  45. solaceon-ruins-b4f-d
  46. solaceon-ruins-b5f
  47. sinnoh-victory-road-1f
  48. sinnoh-victory-road-2f
  49. sinnoh-victory-road-b1f
  50. sinnoh-victory-road-inside-b1f
  51. sinnoh-victory-road-inside
  52. sinnoh-victory-road-inside-exit
  53. ravaged-path-area
  54. oreburgh-gate-1f
  55. oreburgh-gate-b1f
  56. stark-mountain-area
  57. stark-mountain-entrance
  58. stark-mountain-inside
  59. sendoff-spring-area
Pokecli > Showing from 20 to 39 of 1539 areas:
  20. mt-coronet-1f-route-216
  21. mt-coronet-1f-route-211
  22. mt-coronet-b1f
  23. great-marsh-area-1
  24. great-marsh-area-2
  25. great-marsh-area-3
  26. great-marsh-area-4
  27. great-marsh-area-5
  28. great-marsh-area-6
  29. solaceon-ruins-2f
  30. solaceon-ruins-1f
  31. solaceon-ruins-b1f-a
  32. solaceon-ruins-b1f-b
  33. solaceon-ruins-b1f-c
  34. solaceon-ruins-b2f-a
  35. solaceon-ruins-b2f-b
  36. solaceon-ruins-b2f-c
  37. solaceon-ruins-b3f-a
  38. solaceon-ruins-b3f-b
  39. solaceon-ruins-b3f-c
Pokecli > Showing from 0 to 19 of 1539 areas:
  0. canalave-city-area
  1. eterna-city-area
  2. pastoria-city-area
  3. sunyshore-city-area
  4. sinnoh-pokemon-league-area
  5. oreburgh-mine-1f
  6. oreburgh-mine-b1f
  7. valley-windworks-area
  8. eterna-forest-area
  9. fuego-ironworks-area
  10. mt-coronet-1f-route-207
  11. mt-coronet-2f
  12. mt-coronet-3f
  13. mt-coronet-exterior-snowfall
  14. mt-coronet-exterior-blizzard
  15. mt-coronet-4f
  16. mt-coronet-4f-small-room
  17. mt-coronet-5f
  18. mt-coronet-6f
  19. mt-coronet-1f-from-exterior
Pokecli > Showing from 0 to 19 of 1539 areas:
  0. canalave-city-area
  1. eterna-city-area
  2. pastoria-city-area
  3. sunyshore-city-area
  4. sinnoh-pokemon-league-area
  5. oreburgh-mine-1f
  6. oreburgh-mine-b1f
  7. valley-windworks-area
  8. eterna-forest-area
  9. fuego-ironworks-area
  10. mt-coronet-1f-route-207
  11. mt-coronet-2f
  12. mt-coronet-3f
  13. mt-coronet-exterior-snowfall
  14. mt-coronet-exterior-blizzard
  15. mt-coronet-4f
  16. mt-coronet-4f-small-room
  17. mt-coronet-5f
  18. mt-coronet-6f
  19. mt-coronet-1f-from-exterior
Pokecli > Showing from 0 to 19 of 1539 areas:
  0. canalave-city-area
  1. eterna-city-area
  2. pastoria-city-area
  3. sunyshore-city-area
  4. sinnoh-pokemon-league-area
  5. oreburgh-mine-1f
  6. oreburgh-mine-b1f
  7. valley-windworks-area
  8. eterna-forest-area
  9. fuego-ironworks-area
  10. mt-coronet-1f-route-207
  11. mt-coronet-2f
  12. mt-coronet-3f
  13. mt-coronet-exterior-snowfall
  14. mt-coronet-exterior-blizzard
  15. mt-coronet-4f
  16. mt-coronet-4f-small-room
  17. mt-coronet-5f
  18. mt-coronet-6f
  19. mt-coronet-1f-from-exterior
Pokecli > Showing from 20 to 39 of 1539 areas:
  20. mt-coronet-1f-route-216
  21. mt-coronet-1f-route-211
  22. mt-coronet-b1f
  23. great-marsh-area-1
  24. great-marsh-area-2
  25. great-marsh-area-3
  26. great-marsh-area-4
  27. great-marsh-area-5
  28. great-marsh-area-6
  29. solaceon-ruins-2f
  30. solaceon-ruins-1f
  31. solaceon-ruins-b1f-a
  32. solaceon-ruins-b1f-b
  33. solaceon-ruins-b1f-c
  34. solaceon-ruins-b2f-a
  35. solaceon-ruins-b2f-b
  36. solaceon-ruins-b2f-c
  37. solaceon-ruins-b3f-a
  38. solaceon-ruins-b3f-b
  39. solaceon-ruins-b3f-c
Pokecli > Showing from 0 to 19 of 1539 areas:
  0. canalave-city-area
  1. eterna-city-area
  2. pastoria-city-area
  3. sunyshore-city-area
  4. sinnoh-pokemon-league-area
  5. oreburgh-mine-1f
  6. oreburgh-mine-b1f
  7. valley-windworks-area
  8. eterna-forest-area
  9. fuego-ironworks-area
  10. mt-coronet-1f-route-207
  11. mt-coronet-2f
  12. mt-coronet-3f
  13. mt-coronet-exterior-snowfall
  14. mt-coronet-exterior-blizzard
  15. mt-coronet-4f
  16. mt-coronet-4f-small-room
  17. mt-coronet-5f
  18. mt-coronet-6f
  19. mt-coronet-1f-from-exterior
Pokecli > Showing from 20 to 39 of 1539 areas:
  20. mt-coronet-1f-route-216
  21. mt-coronet-1f-route-211
  22. mt-coronet-b1f
  23. great-marsh-area-1
  24. great-marsh-area-2
  25. great-marsh-area-3
  26. great-marsh-area-4
  27. great-marsh-area-5
  28. great-marsh-area-6
  29. solaceon-ruins-2f
  30. solaceon-ruins-1f
  31. solaceon-ruins-b1f-a
  32. solaceon-ruins-b1f-b
  33. solaceon-ruins-b1f-c
  34. solaceon-ruins-b2f-a
  35. solaceon-ruins-b2f-b
  36. solaceon-ruins-b2f-c
  37. solaceon-ruins-b3f-a
  38. solaceon-ruins-b3f-b
  39. solaceon-ruins-b3f-c
Pokecli > Showing from 40 to 59 of 1539 areas:
  40. solaceon-ruins-b3f-d
  41. solaceon-ruins-b3f-e
  42. solaceon-ruins-b4f-a
  43. solaceon-ruins-b4f-b
  44. solaceon-ruins-b4f-c
  45. solaceon-ruins-b4f-d
  46. solaceon-ruins-b5f
  47. sinnoh-victory-road-1f
  48. sinnoh-victory-road-2f
  49. sinnoh-victory-road-b1f
  50. sinnoh-victory-road-inside-b1f
  51. sinnoh-victory-road-inside
  52. sinnoh-victory-road-inside-exit
  53. ravaged-path-area
  54. oreburgh-gate-1f
  55. oreburgh-gate-b1f
  56. stark-mountain-area
  57. stark-mountain-entrance
  58. stark-mountain-inside
  59. sendoff-spring-area
Pokecli > Showing from 20 to 39 of 1539 areas:
  20. mt-coronet-1f-route-216
  21. mt-coronet-1f-route-211
  22. mt-coronet-b1f
  23. great-marsh-area-1
  24. great-marsh-area-2
  25. great-marsh-area-3
  26. great-marsh-area-4
  27. great-marsh-area-5
  28. great-marsh-area-6
  29. solaceon-ruins-2f
  30. solaceon-ruins-1f
  31. solaceon-ruins-b1f-a
  32. solaceon-ruins-b1f-b
  33. solaceon-ruins-b1f-c
  34. solaceon-ruins-b2f-a
  35. solaceon-ruins-b2f-b
  36. solaceon-ruins-b2f-c
  37. solaceon-ruins-b3f-a
  38. solaceon-ruins-b3f-b
  39. solaceon-ruins-b3f-c
Pokecli > Showing from 0 to 19 of 1539 areas:
  0. canalave-city-area
  1. eterna-city-area
  2. pastoria-city-area
  3. sunyshore-city-area
  4. sinnoh-pokemon-league-area
  5. oreburgh-mine-1f
  6. oreburgh-mine-b1f
  7. valley-windworks-area
  8. eterna-forest-area
  9. fuego-ironworks-area
  10. mt-coronet-1f-route-207
  11. mt-coronet-2f
  12. mt-coronet-3f
  13. mt-coronet-exterior-snowfall
  14. mt-coronet-exterior-blizzard
  15. mt-coronet-4f
  16. mt-coronet-4f-small-room
  17. mt-coronet-5f
  18. mt-coronet-6f
  19. mt-coronet-1f-from-exterior
Pokecli > Showing from 20 to 39 of 1539 areas:
  20. mt-coronet-1f-route-216
  21. mt-coronet-1f-route-211
  22. mt-coronet-b1f
  23. great-marsh-area-1
  24. great-marsh-area-2
  25. great-marsh-area-3
  26. great-marsh-area-4
  27. great-marsh-area-5
  28. great-marsh-area-6
  29. solaceon-ruins-2f
  30. solaceon-ruins-1f
  31. solaceon-ruins-b1f-a
  32. solaceon-ruins-b1f-b
  33. solaceon-ruins-b1f-c
  34. solaceon-ruins-b2f-a
  35. solaceon-ruins-b2f-b
  36. solaceon-ruins-b2f-c
  37. solaceon-ruins-b3f-a
  38. solaceon-ruins-b3f-b
  39. solaceon-ruins-b3f-c
Pokecli > Showing from 40 to 59 of 1539 areas:
  40. solaceon-ruins-b3f-d
  41. solaceon-ruins-b3f-e
  42. solaceon-ruins-b4f-a
  43. solaceon-ruins-b4f-b
  44. solaceon-ruins-b4f-c
  45. solaceon-ruins-b4f-d
  46. solaceon-ruins-b5f
  47. sinnoh-victory-road-1f
  48. sinnoh-victory-road-2f
  49. sinnoh-victory-road-b1f
  50. sinnoh-victory-road-inside-b1f
  51. sinnoh-victory-road-inside
  52. sinnoh-victory-road-inside-exit
  53. ravaged-path-area
  54. oreburgh-gate-1f
  55. oreburgh-gate-b1f
  56. stark-mountain-area
  57. stark-mountain-entrance
  58. stark-mountain-inside
  59. sendoff-spring-area
Pokecli > Showing from 60 to 79 of 1539 areas:
  60. turnback-cave-pillar-1
  61. turnback-cave-pillar-2
  62. turnback-cave-pillar-3
  63. turnback-cave-before-pillar-1
  64. turnback-cave-between-pillars-1-and-2
  65. turnback-cave-between-pillars-2-and-3
  66. turnback-cave-after-pillar-3
  67. snowpoint-temple-1f
  68. snowpoint-temple-b1f
  69. snowpoint-temple-b2f
  70. snowpoint-temple-b3f
  71. snowpoint-temple-b4f
  72. snowpoint-temple-b5f
  73. wayward-cave-1f
  74. wayward-cave-b1f
  75. ruin-maniac-cave-0-9-different-unown-caught
  76. ruin-maniac-cave-10-25-different-unown-caught
  77. maniac-tunnel-26-plus-different-unown-caught
  78. trophy-garden-area
  79. iron-island-area
Pokecli > Showing from 40 to 59 of 1539 areas:
  40. solaceon-ruins-b3f-d
  41. solaceon-ruins-b3f-e
  42. solaceon-ruins-b4f-a
  43. solaceon-ruins-b4f-b
  44. solaceon-ruins-b4f-c
  45. solaceon-ruins-b4f-d
  46. solaceon-ruins-b5f
  47. sinnoh-victory-road-1f
  48. sinnoh-victory-road-2f
  49. sinnoh-victory-road-b1f
  50. sinnoh-victory-road-inside-b1f
  51. sinnoh-victory-road-inside
  52. sinnoh-victory-road-inside-exit
  53. ravaged-path-area
  54. oreburgh-gate-1f
  55. oreburgh-gate-b1f
  56. stark-mountain-area
  57. stark-mountain-entrance
  58. stark-mountain-inside
  59. sendoff-spring-area
Pokecli > Showing from 20 to 39 of 1539 areas:
  20. mt-coronet-1f-route-216
  21. mt-coronet-1f-route-211
  22. mt-coronet-b1f
  23. great-marsh-area-1
  24. great-marsh-area-2
  25. great-marsh-area-3
  26. great-marsh-area-4
  27. great-marsh-area-5
  28. great-marsh-area-6
  29. solaceon-ruins-2f
  30. solaceon-ruins-1f
  31. solaceon-ruins-b1f-a
  32. solaceon-ruins-b1f-b
  33. solaceon-ruins-b1f-c
  34. solaceon-ruins-b2f-a
  35. solaceon-ruins-b2f-b
  36. solaceon-ruins-b2f-c
  37. solaceon-ruins-b3f-a
  38. solaceon-ruins-b3f-b
  39. solaceon-ruins-b3f-c
Pokecli > Showing from 0 to 19 of 1539 areas:
  0. canalave-city-area
  1. eterna-city-area
  2. pastoria-city-area
  3. sunyshore-city-area
  4. sinnoh-pokemon-league-area
  5. oreburgh-mine-1f
  6. oreburgh-mine-b1f
  7. valley-windworks-area
  8. eterna-forest-area
  9. fuego-ironworks-area
  10. mt-coronet-1f-route-207
  11. mt-coronet-2f
  12. mt-coronet-3f
  13. mt-coronet-exterior-snowfall
  14. mt-coronet-exterior-blizzard
  15. mt-coronet-4f
  16. mt-coronet-4f-small-room
  17. mt-coronet-5f
  18. mt-coronet-6f
  19. mt-coronet-1f-from-exterior
Pokecli > 